// Jest Snapshot v1, https://goo.gl/fbAQLP

exports[`AddCategory component test suit should show AddCategory component properly 1`] = `
<Fragment>
  <form
    onSubmit={[Function]}
  >
    <input
      onChange={[Function]}
      placeholder="Search funny GIFs!! Type a topic and press enter NOW!!"
      type="text"
      value=""
    />
  </form>
  <p
    className="hidden-elem"
  >
    GifExpertApp: 
  </p>
</Fragment>
`;
